[21:04:18] [ServerMain/INFO]: [bootstrap] Running Java 26 (Java HotSpot(TM) 64-Bit Server VM 26.0.1+8-34; Oracle Corporation null) on Windows 11 10.0 (amd64)
[21:04:18] [ServerMain/INFO]: [bootstrap] Loading Paper 26.2-126-ver/26.2@c646faf (2026-09-20T02:38:48Z) for Minecraft 26.2
[21:04:18] [ServerMain/INFO]: [PluginInitializerManager] Initializing plugins...
[21:04:18] [ServerMain/INFO]: [PluginInitializerManager] Initialized 3 plugins
[21:04:18] [ServerMain/INFO]: [PluginInitializerManager] Paper plugins (1):
 - ProtocolLib (5.5.0-SNAPSHOT-f0e959a)
[21:04:18] [ServerMain/INFO]: [PluginInitializerManager] Bukkit plugins (2):
 - InstantRestock (2.6.5), SideGate (1.2.3)
[21:04:23] [DataConverter MCTypeRegistry init thread/INFO]: [ca.spottedleaf.dataconverter.minecraft.datatypes.MCTypeRegistry] Initialising converters for DataConverter...
[21:04:23] [ServerMain/WARN]: resource-pack-id missing, using default of 7488ef7a-7ec7-30d1-be4d-a2bd198c472b
[21:04:23] [ServerMain/INFO]: Environment: Environment[sessionHost=https://sessionserver.mojang.com, servicesHost=https://api.minecraftservices.com, profilesHost=https://api.mojang.com, name=PROD]
[21:04:24] [DataConverter MCTypeRegistry init thread/INFO]: [ca.spottedleaf.dataconverter.minecraft.datatypes.MCTypeRegistry] Finished initialising converters for DataConverter in 552.7ms
[21:04:25] [Worker-Main-1/WARN]: Found loot table element validation problem in {minecraft:entities/shulker@minecraft:loot_table}.pools[2].entries[0]: Missing element double_shulker_shells:entities/shulker of type minecraft:loot_table
[21:04:25] [Worker-Main-1/WARN]: Found loot table element validation problem in {minecraft:entities/bat@minecraft:loot_table}.pools[2].entries[0]: Missing element bat_membranes:entities/bat of type minecraft:loot_table
[21:04:25] [Worker-Main-1/WARN]: Found loot table element validation problem in {minecraft:entities/husk@minecraft:loot_table}.pools[2].entries[0]: Missing element husks_drop_sand:entities/husk of type minecraft:loot_table
[21:04:25] [Worker-Main-1/WARN]: Found loot table element validation problem in {minecraft:entities/player@minecraft:loot_table}.pools[1].entries[0]: Missing element graves:entities/player of type minecraft:loot_table
[21:04:25] [Worker-Main-1/WARN]: Found loot table element validation problem in {minecraft:entities/villager@minecraft:loot_table}.pools[2].entries[0]: Missing element villager_death:entities/villager of type minecraft:loot_table
[21:04:26] [ServerMain/INFO]: Loaded 1910 recipes
[21:04:26] [ServerMain/INFO]: Loaded 1925 advancements
[21:04:26] [ServerMain/WARN]: resource-pack-id missing, using default of 7488ef7a-7ec7-30d1-be4d-a2bd198c472b
[21:04:27] [Server thread/INFO]: Starting minecraft server version 26.2
[21:04:27] [Server thread/INFO]: Loading properties
[21:04:27] [Server thread/INFO]: This server is running Paper version 26.2-126-ver/26.2@c646faf (2026-09-20T02:38:48Z) (Implementing API version 26.2.build.126-stable)
[21:04:27] [Server thread/INFO]: [spark] This server bundles the spark profiler. For more information please visit https://docs.papermc.io/paper/profiling
[21:04:27] [Server thread/INFO]: Server Ping Player Sample Count: 12
[21:04:27] [Server thread/INFO]: Using 4 threads for Netty based IO
[21:04:27] [Server thread/INFO]: [MoonriseCommon] Paper is using 2 worker threads, 1 I/O threads
[21:04:27] [Server thread/INFO]: Default game type: SURVIVAL
[21:04:27] [Server thread/INFO]: Generating keypair
[21:04:27] [Server thread/INFO]: Starting Minecraft server on *:25565
[21:04:27] [Server thread/INFO]: Paper: Using Java compression from Velocity.
[21:04:27] [Server thread/INFO]: Paper: Using Java cipher from Velocity.
[21:04:28] [Server thread/INFO]: [ProtocolLib] Loading server plugin ProtocolLib v5.5.0-SNAPSHOT-f0e959a
[21:04:28] [Server thread/INFO]: [SideGate] Loading server plugin SideGate v1.2.3
[21:04:28] [Server thread/INFO]: [InstantRestock] Loading server plugin InstantRestock v2.6.5
[21:04:28] [Server thread/INFO]: [ProtocolLib] Enabling ProtocolLib v5.5.0-SNAPSHOT-f0e959a
[21:04:28] [Server thread/INFO]: Preparing level "world"
[21:04:29] [Server thread/INFO]: Loading 0 persistent chunks for level 'minecraft:overworld'...
[21:04:29] [Server thread/INFO]: Prepared spawn area in 1 ms
[21:04:29] [Server thread/INFO]: Loading 0 persistent chunks for level 'minecraft:the_nether'...
[21:04:29] [Server thread/INFO]: Prepared spawn area in 2 ms
[21:04:29] [Server thread/INFO]: Loading 0 persistent chunks for level 'minecraft:the_end'...
[21:04:29] [Server thread/INFO]: Prepared spawn area in 1 ms
[21:04:29] [Server thread/INFO]: Done preparing level "world" (0.602s)
[21:04:29] [Server thread/INFO]: [SideGate] Enabling SideGate v1.2.3
[21:04:29] [Server thread/INFO]: [SideGate] Config loaded. Auto-Detect: true
[21:04:29] [Server thread/INFO]: [SideGate] Proxy mode: false
[21:04:29] [Server thread/INFO]: [SideGate] Premium session failure action: KICK_WITH_MESSAGE
[21:04:29] [Server thread/INFO]: [SideGate] Compatibility test status: verified on Paper 1.20.1, Spigot 1.20.1, Paper 1.21.11, and Purpur 26.1.2.
[21:04:29] [Server thread/INFO]: [SideGate] Please report any issues on GitHub: https://github.com/TamKungZ/SideGate/issues
[21:04:29] [Server thread/INFO]: [SideGate] SideGate enabled in standalone mode.
[21:04:29] [Server thread/INFO]: [InstantRestock] Enabling InstantRestock v2.6.5
[21:04:29] [Server thread/INFO]: [InstantRestock] Enabled InstantRestock!
[21:04:29] [Server thread/INFO]: [spark] Starting background profiler...
[21:04:29] [Server thread/INFO]: [spark] The async-profiler engine is not supported for your os/arch (windows11/amd64), so the built-in Java engine will be used instead.
[21:04:29] [Server thread/INFO]: Saving chunks for level 'ServerLevel[world]'/minecraft:overworld
[21:04:29] [Server thread/INFO]: Saving chunks for level 'ServerLevel[world]'/minecraft:the_nether
[21:04:29] [Server thread/INFO]: Saving chunks for level 'ServerLevel[world]'/minecraft:the_end
[21:04:29] [Server thread/INFO]: ThreadedAnvilChunkStorage (world): All chunks are saved
[21:04:29] [Server thread/INFO]: ThreadedAnvilChunkStorage (DIM-1): All chunks are saved
[21:04:29] [Server thread/INFO]: ThreadedAnvilChunkStorage (DIM1): All chunks are saved
[21:04:29] [Server thread/INFO]: ThreadedAnvilChunkStorage: All dimensions are saved
[21:04:29] [Server thread/INFO]: Running delayed init tasks
[21:04:29] [Server thread/INFO]: Done (12.779s)! For help, type "help"
[21:04:30] [Paper Async Task Handler Thread - 1/INFO]: *** Currently you are 3 builds behind ***
[21:04:30] [Paper Async Task Handler Thread - 1/INFO]: *** It is highly recommended to download the latest build from https://papermc.io/downloads/paper ***
[21:04:49] [Netty NIO IO #1/INFO]: [SideGate] Premium identity pre-check for Snjegovan: client UUID=dd1ac9e9-1bc5-4f25-acc8-fe0a884516c8, Mojang UUID=dd1ac9e9-1bc5-4f25-acc8-fe0a884516c8
[21:04:49] [Netty NIO IO #1/INFO]: [SideGate] Installed Premium session hook for Snjegovan.
[21:04:49] [Netty NIO IO #1/INFO]: [SideGate] Detected Premium User: Snjegovan (passing to server)
[21:04:50] [Netty NIO IO #1/INFO]: [SideGate] Verifying Premium session response for Snjegovan (net.minecraft.network.protocol.login.ServerboundKeyPacket).
[21:04:50] [User Authenticator #0/INFO]: UUID of player Snjegovan is dd1ac9e9-1bc5-4f25-acc8-fe0a884516c8
[21:04:52] [Server thread/INFO]: Snjegovan joined the game
[21:04:52] [Server thread/INFO]: Snjegovan[/10.73.13.5:61029] logged in with entity id 94 at ([minecraft:overworld]77.80045639311862, 64.0, -1039.8956902399912)
[21:17:06] [Server thread/INFO]: Snjegovan lost connection: Disconnected
[21:17:06] [Server thread/INFO]: Snjegovan left the game
[21:18:07] [Server thread/INFO]: Server empty for 60 seconds, pausing
